// Jest Snapshot v1, https://goo.gl/fbAQLP

exports[`HomePage snapshot the main app view with all expected elements 1`] = `
Object {
  "asFragment": [Function],
  "baseElement": <body>
    <div>
      <div
        class="App"
      >
        <header
          class="MuiPaper-root MuiPaper-elevation MuiPaper-elevation4 MuiAppBar-root MuiAppBar-colorPrimary MuiAppBar-positionRelative css-1vazdj7-MuiPaper-root-MuiAppBar-root"
        >
          <div
            class="MuiToolbar-root MuiToolbar-gutters MuiToolbar-regular css-1qvnqi-MuiToolbar-root"
          >
            <div
              class="MuiGrid-root MuiGrid-container css-9hzjsz-MuiGrid-root"
            >
              <div
                class="MuiGrid-root MuiGrid-item MuiGrid-grid-md-4 css-1ps3rmv-MuiGrid-root"
              >
                <img
                  alt="logo"
                  src="/logo.jpeg"
                  style="margin-right: 10px;"
                  width="50"
                />
                <h5
                  class="MuiTypography-root MuiTypography-h5 MuiTypography-noWrap css-ajc5wy-MuiTypography-root"
                >
                  Crazy Bee
                </h5>
              </div>
              <div
                class="MuiGrid-root MuiGrid-item MuiGrid-grid-md-4 css-1ube6tp-MuiGrid-root"
              >
                <a
                  href="/"
                  style="margin-right: 30px;"
                >
                  Home
                </a>
                <a
                  href="/explore"
                  style="margin-right: 30px;"
                >
                  Explore
                </a>
                <a
                  href="/ai/creator"
                  style="margin-right: 30px;"
                >
                  Create AI Art
                </a>
              </div>
              <div
                class="MuiGrid-root MuiGrid-item MuiGrid-grid-md-4 css-1ylh1ih-MuiGrid-root"
              >
                <button
                  aria-label="connect to a crypto wallet"
                  class="MuiButtonBase-root MuiIconButton-root MuiIconButton-sizeMedium css-78trlr-MuiButtonBase-root-MuiIconButton-root"
                  data-mui-internal-clone-element="true"
                  tabindex="0"
                  type="button"
                >
                  <svg
                    aria-hidden="true"
                    class="MuiSvgIcon-root MuiSvgIcon-fontSizeMedium css-i4bv87-MuiSvgIcon-root"
                    data-testid="WalletIcon"
                    focusable="false"
                    viewBox="0 0 24 24"
                  >
                    <path
                      d="M18 4H6C3.79 4 2 5.79 2 8v8c0 2.21 1.79 4 4 4h12c2.21 0 4-1.79 4-4V8c0-2.21-1.79-4-4-4zm-1.86 9.77c-.24.2-.57.28-.88.2L4.15 11.25C4.45 10.52 5.16 10 6 10h12c.67 0 1.26.34 1.63.84l-3.49 2.93zM6 6h12c1.1 0 2 .9 2 2v.55c-.59-.34-1.27-.55-2-.55H6c-.73 0-1.41.21-2 .55V8c0-1.1.9-2 2-2z"
                    />
                  </svg>
                  <span
                    class="MuiTouchRipple-root css-8je8zh-MuiTouchRipple-root"
                  />
                </button>
                <div
                  class="MuiBox-root css-5nwj3y"
                >
                  <button
                    aria-haspopup="true"
                    aria-label="no notifications"
                    class="MuiButtonBase-root MuiIconButton-root MuiIconButton-sizeMedium css-78trlr-MuiButtonBase-root-MuiIconButton-root"
                    data-mui-internal-clone-element="true"
                    tabindex="0"
                    type="button"
                  >
                    <svg
                      aria-hidden="true"
                      class="MuiSvgIcon-root MuiSvgIcon-fontSizeMedium css-i4bv87-MuiSvgIcon-root"
                      data-testid="ChatBubbleOutlineIcon"
                      focusable="false"
                      viewBox="0 0 24 24"
                    >
                      <path
                        d="M20 2H4c-1.1 0-2 .9-2 2v18l4-4h14c1.1 0 2-.9 2-2V4c0-1.1-.9-2-2-2zm0 14H6l-2 2V4h16v12z"
                      />
                    </svg>
                    <span
                      class="MuiTouchRipple-root css-8je8zh-MuiTouchRipple-root"
                    />
                  </button>
                </div>
                <div>
                  <button
                    aria-label="login"
                    class="MuiButtonBase-root MuiIconButton-root MuiIconButton-sizeMedium css-78trlr-MuiButtonBase-root-MuiIconButton-root"
                    data-mui-internal-clone-element="true"
                    data-testid="login-trigger"
                    tabindex="0"
                    type="button"
                  >
                    <svg
                      aria-hidden="true"
                      class="MuiSvgIcon-root MuiSvgIcon-fontSizeMedium css-i4bv87-MuiSvgIcon-root"
                      data-testid="LoginIcon"
                      focusable="false"
                      viewBox="0 0 24 24"
                    >
                      <path
                        d="M11 7 9.6 8.4l2.6 2.6H2v2h10.2l-2.6 2.6L11 17l5-5-5-5zm9 12h-8v2h8c1.1 0 2-.9 2-2V5c0-1.1-.9-2-2-2h-8v2h8v14z"
                      />
                    </svg>
                    <span
                      class="MuiTouchRipple-root css-8je8zh-MuiTouchRipple-root"
                    />
                  </button>
                </div>
              </div>
            </div>
          </div>
        </header>
        <main />
        <footer
          class="MuiBox-root css-145jske"
        >
          <p
            class="MuiTypography-root MuiTypography-subtitle1 MuiTypography-alignCenter css-1xatcrf-MuiTypography-root"
          >
            <svg
              aria-hidden="true"
              class="MuiSvgIcon-root MuiSvgIcon-fontSizeMedium css-tvnm9g-MuiSvgIcon-root"
              data-testid="EmojiNatureIcon"
              focusable="false"
              viewBox="0 0 24 24"
            >
              <path
                d="M21.94 4.88c-.18-.53-.69-.88-1.26-.88H19.6l-.31-.97C19.15 2.43 18.61 2 18 2s-1.15.43-1.29 1.04L16.4 4h-1.07c-.57 0-1.08.35-1.26.88-.19.56.04 1.17.56 1.48l.87.52-.4 1.24c-.23.58-.04 1.25.45 1.62.23.17.51.26.78.26.31 0 .61-.11.86-.32l.81-.7.81.7c.25.21.55.32.86.32.27 0 .55-.09.78-.26.5-.37.68-1.04.45-1.62l-.39-1.24.87-.52c.51-.31.74-.92.56-1.48zM18 7c-.55 0-1-.45-1-1s.45-1 1-1 1 .45 1 1-.45 1-1 1zm-4.51 3.51c-.43-.43-.94-.73-1.49-.93V8h-1v1.38c-.11-.01-.23-.03-.34-.03-1.02 0-2.05.39-2.83 1.17-.16.16-.3.34-.43.53L6 10.52c-1.56-.55-3.28.27-3.83 1.82-.27.75-.23 1.57.12 2.29.23.48.58.87 1 1.16-.38 1.35-.06 2.85 1 3.91s2.57 1.38 3.91 1c.29.42.68.77 1.16 1 .42.2.85.3 1.29.3.34 0 .68-.06 1.01-.17 1.56-.55 2.38-2.27 1.82-3.85l-.52-1.37c.18-.13.36-.27.53-.43.87-.87 1.24-2.04 1.14-3.17H16v-1h-1.59c-.19-.55-.49-1.06-.92-1.5zm-8.82 3.78c-.25-.09-.45-.27-.57-.51s-.13-.51-.04-.76c.19-.52.76-.79 1.26-.61l3.16 1.19c-1.15.6-2.63 1.11-3.81.69zm6.32 5.65c-.25.09-.52.08-.76-.04-.24-.11-.42-.32-.51-.57-.42-1.18.09-2.65.7-3.8l1.18 3.13c.18.52-.09 1.1-.61 1.28zm1.21-5.34-.61-1.61c0-.01-.01-.02-.02-.03l-.06-.12c-.02-.04-.04-.07-.07-.11l-.09-.09-.09-.09c-.03-.03-.07-.05-.11-.07-.04-.02-.07-.05-.12-.06-.01 0-.02-.01-.03-.02l-1.6-.6c.36-.29.79-.46 1.26-.46.53 0 1.04.21 1.41.59.73.73.77 1.88.13 2.67z"
              />
            </svg>
            We fly tokens to your pockets!
          </p>
          <p
            class="MuiTypography-root MuiTypography-body2 MuiTypography-alignCenter css-1vl95ex-MuiTypography-root"
          >
            Copyright Â© 
            <a
              class="MuiTypography-root MuiTypography-inherit MuiLink-root MuiLink-underlineAlways css-1cghntr-MuiTypography-root-MuiLink-root"
              href="https://github.com/xuqun123/crazy-bee-project"
            >
              Crazy Bee
            </a>
             
            2023
            .
          </p>
        </footer>
        <div
          class="css-f779bt-MuiStack-root"
        />
      </div>
    </div>
  </body>,
  "container": <div>
    <div
      class="App"
    >
      <header
        class="MuiPaper-root MuiPaper-elevation MuiPaper-elevation4 MuiAppBar-root MuiAppBar-colorPrimary MuiAppBar-positionRelative css-1vazdj7-MuiPaper-root-MuiAppBar-root"
      >
        <div
          class="MuiToolbar-root MuiToolbar-gutters MuiToolbar-regular css-1qvnqi-MuiToolbar-root"
        >
          <div
            class="MuiGrid-root MuiGrid-container css-9hzjsz-MuiGrid-root"
          >
            <div
              class="MuiGrid-root MuiGrid-item MuiGrid-grid-md-4 css-1ps3rmv-MuiGrid-root"
            >
              <img
                alt="logo"
                src="/logo.jpeg"
                style="margin-right: 10px;"
                width="50"
              />
              <h5
                class="MuiTypography-root MuiTypography-h5 MuiTypography-noWrap css-ajc5wy-MuiTypography-root"
              >
                Crazy Bee
              </h5>
            </div>
            <div
              class="MuiGrid-root MuiGrid-item MuiGrid-grid-md-4 css-1ube6tp-MuiGrid-root"
            >
              <a
                href="/"
                style="margin-right: 30px;"
              >
                Home
              </a>
              <a
                href="/explore"
                style="margin-right: 30px;"
              >
                Explore
              </a>
              <a
                href="/ai/creator"
                style="margin-right: 30px;"
              >
                Create AI Art
              </a>
            </div>
            <div
              class="MuiGrid-root MuiGrid-item MuiGrid-grid-md-4 css-1ylh1ih-MuiGrid-root"
            >
              <button
                aria-label="connect to a crypto wallet"
                class="MuiButtonBase-root MuiIconButton-root MuiIconButton-sizeMedium css-78trlr-MuiButtonBase-root-MuiIconButton-root"
                data-mui-internal-clone-element="true"
                tabindex="0"
                type="button"
              >
                <svg
                  aria-hidden="true"
                  class="MuiSvgIcon-root MuiSvgIcon-fontSizeMedium css-i4bv87-MuiSvgIcon-root"
                  data-testid="WalletIcon"
                  focusable="false"
                  viewBox="0 0 24 24"
                >
                  <path
                    d="M18 4H6C3.79 4 2 5.79 2 8v8c0 2.21 1.79 4 4 4h12c2.21 0 4-1.79 4-4V8c0-2.21-1.79-4-4-4zm-1.86 9.77c-.24.2-.57.28-.88.2L4.15 11.25C4.45 10.52 5.16 10 6 10h12c.67 0 1.26.34 1.63.84l-3.49 2.93zM6 6h12c1.1 0 2 .9 2 2v.55c-.59-.34-1.27-.55-2-.55H6c-.73 0-1.41.21-2 .55V8c0-1.1.9-2 2-2z"
                  />
                </svg>
                <span
                  class="MuiTouchRipple-root css-8je8zh-MuiTouchRipple-root"
                />
              </button>
              <div
                class="MuiBox-root css-5nwj3y"
              >
                <button
                  aria-haspopup="true"
                  aria-label="no notifications"
                  class="MuiButtonBase-root MuiIconButton-root MuiIconButton-sizeMedium css-78trlr-MuiButtonBase-root-MuiIconButton-root"
                  data-mui-internal-clone-element="true"
                  tabindex="0"
                  type="button"
                >
                  <svg
                    aria-hidden="true"
                    class="MuiSvgIcon-root MuiSvgIcon-fontSizeMedium css-i4bv87-MuiSvgIcon-root"
                    data-testid="ChatBubbleOutlineIcon"
                    focusable="false"
                    viewBox="0 0 24 24"
                  >
                    <path
                      d="M20 2H4c-1.1 0-2 .9-2 2v18l4-4h14c1.1 0 2-.9 2-2V4c0-1.1-.9-2-2-2zm0 14H6l-2 2V4h16v12z"
                    />
                  </svg>
                  <span
                    class="MuiTouchRipple-root css-8je8zh-MuiTouchRipple-root"
                  />
                </button>
              </div>
              <div>
                <button
                  aria-label="login"
                  class="MuiButtonBase-root MuiIconButton-root MuiIconButton-sizeMedium css-78trlr-MuiButtonBase-root-MuiIconButton-root"
                  data-mui-internal-clone-element="true"
                  data-testid="login-trigger"
                  tabindex="0"
                  type="button"
                >
                  <svg
                    aria-hidden="true"
                    class="MuiSvgIcon-root MuiSvgIcon-fontSizeMedium css-i4bv87-MuiSvgIcon-root"
                    data-testid="LoginIcon"
                    focusable="false"
                    viewBox="0 0 24 24"
                  >
                    <path
                      d="M11 7 9.6 8.4l2.6 2.6H2v2h10.2l-2.6 2.6L11 17l5-5-5-5zm9 12h-8v2h8c1.1 0 2-.9 2-2V5c0-1.1-.9-2-2-2h-8v2h8v14z"
                    />
                  </svg>
                  <span
                    class="MuiTouchRipple-root css-8je8zh-MuiTouchRipple-root"
                  />
                </button>
              </div>
            </div>
          </div>
        </div>
      </header>
      <main />
      <footer
        class="MuiBox-root css-145jske"
      >
        <p
          class="MuiTypography-root MuiTypography-subtitle1 MuiTypography-alignCenter css-1xatcrf-MuiTypography-root"
        >
          <svg
            aria-hidden="true"
            class="MuiSvgIcon-root MuiSvgIcon-fontSizeMedium css-tvnm9g-MuiSvgIcon-root"
            data-testid="EmojiNatureIcon"
            focusable="false"
            viewBox="0 0 24 24"
          >
            <path
              d="M21.94 4.88c-.18-.53-.69-.88-1.26-.88H19.6l-.31-.97C19.15 2.43 18.61 2 18 2s-1.15.43-1.29 1.04L16.4 4h-1.07c-.57 0-1.08.35-1.26.88-.19.56.04 1.17.56 1.48l.87.52-.4 1.24c-.23.58-.04 1.25.45 1.62.23.17.51.26.78.26.31 0 .61-.11.86-.32l.81-.7.81.7c.25.21.55.32.86.32.27 0 .55-.09.78-.26.5-.37.68-1.04.45-1.62l-.39-1.24.87-.52c.51-.31.74-.92.56-1.48zM18 7c-.55 0-1-.45-1-1s.45-1 1-1 1 .45 1 1-.45 1-1 1zm-4.51 3.51c-.43-.43-.94-.73-1.49-.93V8h-1v1.38c-.11-.01-.23-.03-.34-.03-1.02 0-2.05.39-2.83 1.17-.16.16-.3.34-.43.53L6 10.52c-1.56-.55-3.28.27-3.83 1.82-.27.75-.23 1.57.12 2.29.23.48.58.87 1 1.16-.38 1.35-.06 2.85 1 3.91s2.57 1.38 3.91 1c.29.42.68.77 1.16 1 .42.2.85.3 1.29.3.34 0 .68-.06 1.01-.17 1.56-.55 2.38-2.27 1.82-3.85l-.52-1.37c.18-.13.36-.27.53-.43.87-.87 1.24-2.04 1.14-3.17H16v-1h-1.59c-.19-.55-.49-1.06-.92-1.5zm-8.82 3.78c-.25-.09-.45-.27-.57-.51s-.13-.51-.04-.76c.19-.52.76-.79 1.26-.61l3.16 1.19c-1.15.6-2.63 1.11-3.81.69zm6.32 5.65c-.25.09-.52.08-.76-.04-.24-.11-.42-.32-.51-.57-.42-1.18.09-2.65.7-3.8l1.18 3.13c.18.52-.09 1.1-.61 1.28zm1.21-5.34-.61-1.61c0-.01-.01-.02-.02-.03l-.06-.12c-.02-.04-.04-.07-.07-.11l-.09-.09-.09-.09c-.03-.03-.07-.05-.11-.07-.04-.02-.07-.05-.12-.06-.01 0-.02-.01-.03-.02l-1.6-.6c.36-.29.79-.46 1.26-.46.53 0 1.04.21 1.41.59.73.73.77 1.88.13 2.67z"
            />
          </svg>
          We fly tokens to your pockets!
        </p>
        <p
          class="MuiTypography-root MuiTypography-body2 MuiTypography-alignCenter css-1vl95ex-MuiTypography-root"
        >
          Copyright Â© 
          <a
            class="MuiTypography-root MuiTypography-inherit MuiLink-root MuiLink-underlineAlways css-1cghntr-MuiTypography-root-MuiLink-root"
            href="https://github.com/xuqun123/crazy-bee-project"
          >
            Crazy Bee
          </a>
           
          2023
          .
        </p>
      </footer>
      <div
        class="css-f779bt-MuiStack-root"
      />
    </div>
  </div>,
  "debug": [Function],
  "findAllByAltText": [Function],
  "findAllByDisplayValue": [Function],
  "findAllByLabelText": [Function],
  "findAllByPlaceholderText": [Function],
  "findAllByRole": [Function],
  "findAllByTestId": [Function],
  "findAllByText": [Function],
  "findAllByTitle": [Function],
  "findByAltText": [Function],
  "findByDisplayValue": [Function],
  "findByLabelText": [Function],
  "findByPlaceholderText": [Function],
  "findByRole": [Function],
  "findByTestId": [Function],
  "findByText": [Function],
  "findByTitle": [Function],
  "getAllByAltText": [Function],
  "getAllByDisplayValue": [Function],
  "getAllByLabelText": [Function],
  "getAllByPlaceholderText": [Function],
  "getAllByRole": [Function],
  "getAllByTestId": [Function],
  "getAllByText": [Function],
  "getAllByTitle": [Function],
  "getByAltText": [Function],
  "getByDisplayValue": [Function],
  "getByLabelText": [Function],
  "getByPlaceholderText": [Function],
  "getByRole": [Function],
  "getByTestId": [Function],
  "getByText": [Function],
  "getByTitle": [Function],
  "queryAllByAltText": [Function],
  "queryAllByDisplayValue": [Function],
  "queryAllByLabelText": [Function],
  "queryAllByPlaceholderText": [Function],
  "queryAllByRole": [Function],
  "queryAllByTestId": [Function],
  "queryAllByText": [Function],
  "queryAllByTitle": [Function],
  "queryByAltText": [Function],
  "queryByDisplayValue": [Function],
  "queryByLabelText": [Function],
  "queryByPlaceholderText": [Function],
  "queryByRole": [Function],
  "queryByTestId": [Function],
  "queryByText": [Function],
  "queryByTitle": [Function],
  "rerender": [Function],
  "unmount": [Function],
}
`;
